[Licensing::Module] Trying to connect to existing licensing client channel...
Built from '6000.3/staging' branch; Version is '6000.3.17f1 (cf0352b38e81) revision 13566802'; Using compiler version '194234433'; Build Type 'Release'
[Licensing::IpcConnector] Successfully connected to: "LicenseClient-FXL" at "2026-08-04T10:22:42.0392371Z"
OS: 'Windows 11  (10.0.26200) Professional' Language: 'zh' Physical Memory: 48965 MB
BatchMode: 1, IsHumanControllingUs: 0, StartBugReporterOnCrash: 0, Is64bit: 1
System  architecture: x64
Process architecture: x64
Date: 2026-08-04T10:22:42Z

COMMAND LINE ARGUMENTS:
C:\Program Files\Unity\Hub\Editor\6000.3.17f1\Editor\Unity.exe
-batchmode
-projectPath
E:\GitProject\yu_client_unity_notify_sweep_20260804
-executeMethod
Shenxiao.EditorTools.CliVerify.MainUIOnHookBoost
-logFile
E:\GitProject\yu_client_unity_notify_sweep_20260804\Temp\mainui_onhook_boost_final.log
Successfully changed project path to: E:\GitProject\yu_client_unity_notify_sweep_20260804
E:/GitProject/yu_client_unity_notify_sweep_20260804
[UnityMemory] Configuration Parameters - Can be set up in boot.config
    "memorysetup-temp-allocator-size-nav-mesh-worker=65536"
    "memorysetup-temp-allocator-size-audio-worker=65536"
    "memorysetup-temp-allocator-size-gfx=262144"
    "memorysetup-allocator-temp-initial-block-size-main=262144"
    "memorysetup-allocator-temp-initial-block-size-worker=262144"
    "memorysetup-temp-allocator-size-background-worker=32768"
    "memorysetup-temp-allocator-size-job-worker=262144"
    "memorysetup-temp-allocator-size-preload-manager=33554432"
    "memorysetup-temp-allocator-size-gi-baking-worker=262144"
    "memorysetup-temp-allocator-size-gi-baking-worker=262144"
    "memorysetup-temp-allocator-size-gi-baking-worker=262144"
    "memorysetup-temp-allocator-size-gi-baking-worker=262144"
    "memorysetup-temp-allocator-size-gi-baking-worker=262144"
    "memorysetup-bucket-allocator-granularity=16"
    "memorysetup-bucket-allocator-bucket-count=8"
    "memorysetup-bucket-allocator-block-size=33554432"
    "memorysetup-bucket-allocator-block-count=8"
    "memorysetup-main-allocator-block-size=16777216"
    "memorysetup-thread-allocator-block-size=16777216"
    "memorysetup-gfx-main-allocator-block-size=16777216"
    "memorysetup-gfx-thread-allocator-block-size=16777216"
    "memorysetup-cache-allocator-block-size=4194304"
    "memorysetup-typetree-allocator-block-size=2097152"
    "memorysetup-profiler-bucket-allocator-granularity=16"
    "memorysetup-profiler-bucket-allocator-bucket-count=8"
    "memorysetup-profiler-bucket-allocator-block-size=33554432"
    "memorysetup-profiler-bucket-allocator-block-count=8"
    "memorysetup-profiler-allocator-block-size=16777216"
    "memorysetup-profiler-editor-allocator-block-size=1048576"
    "memorysetup-temp-allocator-size-main=16777216"
    "memorysetup-job-temp-allocator-block-size=2097152"
    "memorysetup-job-temp-allocator-block-size-background=1048576"
    "memorysetup-job-temp-allocator-reduction-small-platforms=262144"
    "memorysetup-temp-allocator-size-cloud-worker=32768"
Player connection [60400]  Target information:

Player connection [60400]  * "[IP] 192.168.1.5 [Port] 55505 [Flags] 2 [Guid] 2807611069 [EditorId] 2807611069 [Version] 1048832 [Id] WindowsEditor(7,DESKTOP-S86FJNK) [Debug] 1 [PackageName] WindowsEditor [ProjectName] Editor"

Player connection [60400]  * "[IP] 198.18.0.1 [Port] 55505 [Flags] 2 [Guid] 2807611069 [EditorId] 2807611069 [Version] 1048832 [Id] WindowsEditor(7,DESKTOP-S86FJNK) [Debug] 1 [PackageName] WindowsEditor [ProjectName] Editor"

Player connection [60400] Host joined multi-casting on [225.0.0.222:54997]...
Player connection [60400] Host joined alternative multi-casting on [225.0.0.222:34997]...
Input System module state changed to: Initialized.
[Physics::Module] Initialized fallback backend.
[Physics::Module] Id: 0xdecafbad
[Package Manager] Connected to IPC stream "Upm-66900" after 0.2 seconds.
[Licensing::Module] Licensing is not yet initialized.
[Licensing::Client] Error: HandshakeResponse reported an error:
	ResponseCode: 505
	ResponseStatus: Unsupported protocol version '1.18.1'.
[Licensing::Module] Error: Failed to handshake to channel: "LicenseClient-FXL"
[Licensing::IpcConnector] LicenseClient-FXL channel disconnected successfully.
[Licensing::IpcConnector] Successfully connected to: "LicenseClient-FXL-6000.3.17" at "2026-08-04T10:22:43.8349749Z"
[Licensing::Client] Code 10 while verifying Licensing Client signature (process Id: 6452, path: "C:/Program Files/Unity/Hub/Editor/6000.3.17f1/Editor/Data/Resources/Licensing/Client/Unity.Licensing.Client.exe")
[Licensing::Module] LicensingClient has failed validation; ignoring
[Licensing::Client] Handshaking with LicensingClient:
  Version:                 1.18.1+9fbee8e
  Session Id:              3630a67957844795b1e41fe4c359ea86
  Correlation Id:          18a659d25bc9116ae4807d3c56ca58ec
  External correlation Id: 893294167388029369
  Machine Id:              ipunNTI68gCm8iaSgxXtyQtQ6rY=
[Licensing::Module] Successfully connected to LicensingClient on channel: "LicenseClient-FXL-6000.3.17" (connect: 0.00s, validation: 0.00s, handshake: 0.01s)
[Licensing::IpcConnector] Successfully connected to: "LicenseClient-FXL-6000.3.17-notifications" at "2026-08-04T10:22:43.8437295Z"
[Licensing::Module] Error: Access token is unavailable; failed to update
[Licensing::Client] Successfully resolved entitlement details
[Licensing::Module] License group:
  Id: 20067606761511-srose16mpz6ub4t-UnityProStuXXXX
  Product: Unity Student
  Type: Assigned
  Expiration: 2027-06-07T07:44:30Z
[Licensing::Client] Successfully updated license, isAsync: True, time: 0.00
[Licensing::Client] Successfully resolved entitlement details
[Licensing::Module] Licensing Background thread has ended after 1.81s
[Licensing::Module] Licensing is initialized (took 1.03s).
[Licensing::Client] Successfully resolved entitlement details
Library Redirect Path: Library/
[Physics::Module] Selected backend.
[Physics::Module] Name: PhysX
[Physics::Module] Id: 0xf2b8ea05
[Physics::Module] SDK Version: 4.1.2
[Physics::Module] Integration Version: 1.0.0
[Physics::Module] Threading Mode: Multi-Threaded
Artifact Garbage Collection - Removed 1 unused hashed content files
Refreshing native plugins compatible for Editor in 0.56 ms, found 0 plugins.
Preloading 0 native plugins for Editor in 0.00 ms.
Initialize engine version: 6000.3.17f1 (cf0352b38e81)
[Subsystems] Discovering subsystems at path C:/Program Files/Unity/Hub/Editor/6000.3.17f1/Editor/Data/Resources/UnitySubsystems
[Subsystems] Discovering subsystems at path E:/GitProject/yu_client_unity_notify_sweep_20260804/Assets
GfxDevice: creating device client; kGfxThreadingModeNonThreaded
d3d12: failed to query info queue interface (0x80004002).
Direct3D:
    Version:         Direct3D 12 [level 12.2]
    Renderer:        NVIDIA GeForce RTX 3060 (ID=0x2504)
    Vendor:          NVIDIA
    VRAM:            12113 MB
    App VRAM Budget: 11345 MB
    Driver:          32.0.15.9186
Initialize mono
Mono path[0] = 'C:/Program Files/Unity/Hub/Editor/6000.3.17f1/Editor/Data/Managed'
Mono path[1] = 'C:/Program Files/Unity/Hub/Editor/6000.3.17f1/Editor/Data/MonoBleedingEdge/lib/mono/unityjit-win32'
Mono config path = 'C:/Program Files/Unity/Hub/Editor/6000.3.17f1/Editor/Data/MonoBleedingEdge/etc'
Using monoOptions --debugger-agent=transport=dt_socket,embedding=1,server=y,suspend=n,address=127.0.0.1:56900
Using cacheserver namespaces - metadata:defaultmetadata, artifacts:defaultartifacts
Using cacheserver namespaces - metadata:defaultmetadata, artifacts:defaultartifacts
ImportWorker Server TCP listen port: 0
AcceleratorClientConnectionCallback - disconnected - :0
Begin MonoManager ReloadAssembly
Registering precompiled unity dll's ...
Register platform support module: C:/Program Files/Unity/Hub/Editor/6000.3.17f1/Editor/Data/PlaybackEngines/WebGLSupport/UnityEditor.WebGL.Extensions.dll
Register platform support module: C:/Program Files/Unity/Hub/Editor/6000.3.17f1/Editor/Data/PlaybackEngines/WindowsStandaloneSupport/UnityEditor.WindowsStandalone.Extensions.dll
[Licensing::Client] Successfully resolved entitlement details
Register platform support module: C:/Program Files/Unity/Hub/Editor/6000.3.17f1/Editor/Data/PlaybackEngines/AndroidPlayer/UnityEditor.Android.Extensions.dll
Registered in 0.005984 seconds.
- Loaded All Assemblies, in  0.355 seconds
Native extension for Android target not found
Native extension for WindowsStandalone target not found
Native extension for WebGL target not found
Package Manager log level set to [2]
ScheduleIndexationOnStartup MainProcess:False IndexOnStartup:True
Mono: successfully reloaded assembly
- Finished resetting the current domain, in  0.364 seconds
Domain Reload Profiling: 716ms
	BeginReloadAssembly (117ms)
		ExecutionOrderSort (0ms)
		DisableScriptedObjects (0ms)
		BackupInstance (0ms)
		ReleaseScriptingObjects (0ms)
		CreateAndSetChildDomain (8ms)
	RebuildCommonClasses (29ms)
	RebuildNativeTypeToScriptingClass (10ms)
	initialDomainReloadingComplete (44ms)
	LoadAllAssembliesAndSetupDomain (152ms)
		LoadAssemblies (107ms)
		RebuildTransferFunctionScriptingTraits (0ms)
		AnalyzeDomain (148ms)
			TypeCache.Refresh (146ms)
				TypeCache.ScanAssembly (134ms)
			BuildScriptInfoCaches (0ms)
			ResolveRequiredComponents (0ms)
	FinalizeReload (365ms)
		ReleaseScriptCaches (0ms)
		RebuildScriptCaches (0ms)
		SetupLoadedEditorAssemblies (334ms)
			LogAssemblyErrors (0ms)
			InitializePlatformSupportModulesInManaged (52ms)
			SetLoadedEditorAssemblies (3ms)
			BeforeProcessingInitializeOnLoad (63ms)
			ProcessInitializeOnLoadAttributes (120ms)
			ProcessInitializeOnLoadMethodAttributes (95ms)
			AfterProcessingInitializeOnLoad (0ms)
			EditorAssembliesLoaded (0ms)
		ExecutionOrderSort2 (0ms)
		AwakeInstancesAfterBackupRestoration (0ms)
[Licensing::Client] Successfully resolved entitlement details
Application.AssetDatabase Initial Refresh Start
[Package Manager] Restoring resolved packages state from cache
[Licensing::Client] Successfully resolved entitlement details
[Package Manager] Registered 64 packages:
  Packages from [https://packages.unity.com]:
    com.unity.addressables@2.9.1 (location: E:\GitProject\yu_client_unity_notify_sweep_20260804\Library\PackageCache\com.unity.addressables@8460f1c9c927)
    com.unity.ai.assistant@2.12.0-pre.2 (location: E:\GitProject\yu_client_unity_notify_sweep_20260804\Library\PackageCache\com.unity.ai.assistant@d9bb465c57d1)
    com.unity.ai.navigation@2.0.12 (location: E:\GitProject\yu_client_unity_notify_sweep_20260804\Library\PackageCache\com.unity.ai.navigation@734c2c4c5591)
    com.unity.collab-proxy@2.12.4 (location: E:\GitProject\yu_client_unity_notify_sweep_20260804\Library\PackageCache\com.unity.collab-proxy@0b1559bcd34e)
    com.unity.ide.rider@3.0.40 (location: E:\GitProject\yu_client_unity_notify_sweep_20260804\Library\PackageCache\com.unity.ide.rider@e4950c6d131b)
    com.unity.ide.visualstudio@2.0.26 (location: E:\GitProject\yu_client_unity_notify_sweep_20260804\Library\PackageCache\com.unity.ide.visualstudio@a99d56dec63f)
    com.unity.inputsystem@1.19.0 (location: E:\GitProject\yu_client_unity_notify_sweep_20260804\Library\PackageCache\com.unity.inputsystem@21a28c3a6c83)
    com.unity.nuget.newtonsoft-json@3.2.2 (location: E:\GitProject\yu_client_unity_notify_sweep_20260804\Library\PackageCache\com.unity.nuget.newtonsoft-json@4dfd81071c64)
    com.unity.timeline@1.8.12 (location: E:\GitProject\yu_client_unity_notify_sweep_20260804\Library\PackageCache\com.unity.timeline@8cd8509afae5)
    com.unity.visualscripting@1.9.11 (location: E:\GitProject\yu_client_unity_notify_sweep_20260804\Library\PackageCache\com.unity.visualscripting@8bed5ad90189)
    com.unity.pipeline@0.3.1-exp.1 (location: E:\GitProject\yu_client_unity_notify_sweep_20260804\Library\PackageCache\com.unity.pipeline@58c16695e488)
    com.unity.nuget.mono-cecil@1.11.6 (location: E:\GitProject\yu_client_unity_notify_sweep_20260804\Library\PackageCache\com.unity.nuget.mono-cecil@ecb9724e46ff)
    com.unity.mathematics@1.3.3 (location: E:\GitProject\yu_client_unity_notify_sweep_20260804\Library\PackageCache\com.unity.mathematics@19a9377c4ffa)
    com.unity.profiling.core@1.0.3 (location: E:\GitProject\yu_client_unity_notify_sweep_20260804\Library\PackageCache\com.unity.profiling.core@8a49f7027d06)
    com.unity.scriptablebuildpipeline@2.6.1 (location: E:\GitProject\yu_client_unity_notify_sweep_20260804\Library\PackageCache\com.unity.scriptablebuildpipeline@36e3b5898ee2)
    com.unity.searcher@4.9.4 (location: E:\GitProject\yu_client_unity_notify_sweep_20260804\Library\PackageCache\com.unity.searcher@d45a78918735)
    com.unity.burst@1.8.29 (location: E:\GitProject\yu_client_unity_notify_sweep_20260804\Library\PackageCache\com.unity.burst@6bb9aca3ef38)
    com.unity.collections@2.6.6 (location: E:\GitProject\yu_client_unity_notify_sweep_20260804\Library\PackageCache\com.unity.collections@9796e5ee0d9e)
    com.unity.test-framework.performance@3.5.0 (location: E:\GitProject\yu_client_unity_notify_sweep_20260804\Library\PackageCache\com.unity.test-framework.performance@8b56083ec0f0)
  Built-in packages:
    com.unity.multiplayer.center@1.0.1 (location: E:\GitProject\yu_client_unity_notify_sweep_20260804\Library\PackageCache\com.unity.multiplayer.center@f01f4ba8d00a)
    com.unity.render-pipelines.universal@17.3.0 (location: E:\GitProject\yu_client_unity_notify_sweep_20260804\Library\PackageCache\com.unity.render-pipelines.universal@56fb5facb13e)
    com.unity.test-framework@1.6.0 (location: E:\GitProject\yu_client_unity_notify_sweep_20260804\Library\PackageCache\com.unity.test-framework@ecf40a72f8c1)
    com.unity.ugui@2.0.0 (location: E:\GitProject\yu_client_unity_notify_sweep_20260804\Library\PackageCache\com.unity.ugui@05e8dec4ac02)
    com.unity.modules.accessibility@1.0.0 (location: E:\GitProject\yu_client_unity_notify_sweep_20260804\Library\PackageCache\com.unity.modules.accessibility)
    com.unity.modules.adaptiveperformance@1.0.0 (location: E:\GitProject\yu_client_unity_notify_sweep_20260804\Library\PackageCache\com.unity.modules.adaptiveperformance)
    com.unity.modules.ai@1.0.0 (location: E:\GitProject\yu_client_unity_notify_sweep_20260804\Library\PackageCache\com.unity.modules.ai)
    com.unity.modules.androidjni@1.0.0 (location: E:\GitProject\yu_client_unity_notify_sweep_20260804\Library\PackageCache\com.unity.modules.androidjni)
    com.unity.modules.animation@1.0.0 (location: E:\GitProject\yu_client_unity_notify_sweep_20260804\Library\PackageCache\com.unity.modules.animation)
    com.unity.modules.assetbundle@1.0.0 (location: E:\GitProject\yu_client_unity_notify_sweep_20260804\Library\PackageCache\com.unity.modules.assetbundle)
    com.unity.modules.audio@1.0.0 (location: E:\GitProject\yu_client_unity_notify_sweep_20260804\Library\PackageCache\com.unity.modules.audio)
    com.unity.modules.cloth@1.0.0 (location: E:\GitProject\yu_client_unity_notify_sweep_20260804\Library\PackageCache\com.unity.modules.cloth)
    com.unity.modules.director@1.0.0 (location: E:\GitProject\yu_client_unity_notify_sweep_20260804\Library\PackageCache\com.unity.modules.director)
    com.unity.modules.imageconversion@1.0.0 (location: E:\GitProject\yu_client_unity_notify_sweep_20260804\Library\PackageCache\com.unity.modules.imageconversion)
    com.unity.modules.imgui@1.0.0 (location: E:\GitProject\yu_client_unity_notify_sweep_20260804\Library\PackageCache\com.unity.modules.imgui)
    com.unity.modules.jsonserialize@1.0.0 (location: E:\GitProject\yu_client_unity_notify_sweep_20260804\Library\PackageCache\com.unity.modules.jsonserialize)
    com.unity.modules.particlesystem@1.0.0 (location: E:\GitProject\yu_client_unity_notify_sweep_20260804\Library\PackageCache\com.unity.modules.particlesystem)
    com.unity.modules.physics@1.0.0 (location: E:\GitProject\yu_client_unity_notify_sweep_20260804\Library\PackageCache\com.unity.modules.physics)
    com.unity.modules.physics2d@1.0.0 (location: E:\GitProject\yu_client_unity_notify_sweep_20260804\Library\PackageCache\com.unity.modules.physics2d)
    com.unity.modules.screencapture@1.0.0 (location: E:\GitProject\yu_client_unity_notify_sweep_20260804\Library\PackageCache\com.unity.modules.screencapture)
    com.unity.modules.terrain@1.0.0 (location: E:\GitProject\yu_client_unity_notify_sweep_20260804\Library\PackageCache\com.unity.modules.terrain)
    com.unity.modules.terrainphysics@1.0.0 (location: E:\GitProject\yu_client_unity_notify_sweep_20260804\Library\PackageCache\com.unity.modules.terrainphysics)
    com.unity.modules.tilemap@1.0.0 (location: E:\GitProject\yu_client_unity_notify_sweep_20260804\Library\PackageCache\com.unity.modules.tilemap)
    com.unity.modules.ui@1.0.0 (location: E:\GitProject\yu_client_unity_notify_sweep_20260804\Library\PackageCache\com.unity.modules.ui)
    com.unity.modules.uielements@1.0.0 (location: E:\GitProject\yu_client_unity_notify_sweep_20260804\Library\PackageCache\com.unity.modules.uielements)
    com.unity.modules.umbra@1.0.0 (location: E:\GitProject\yu_client_unity_notify_sweep_20260804\Library\PackageCache\com.unity.modules.umbra)
    com.unity.modules.unityanalytics@1.0.0 (location: E:\GitProject\yu_client_unity_notify_sweep_20260804\Library\PackageCache\com.unity.modules.unityanalytics)
    com.unity.modules.unitywebrequest@1.0.0 (location: E:\GitProject\yu_client_unity_notify_sweep_20260804\Library\PackageCache\com.unity.modules.unitywebrequest)
    com.unity.modules.unitywebrequestassetbundle@1.0.0 (location: E:\GitProject\yu_client_unity_notify_sweep_20260804\Library\PackageCache\com.unity.modules.unitywebrequestassetbundle)
    com.unity.modules.unitywebrequestaudio@1.0.0 (location: E:\GitProject\yu_client_unity_notify_sweep_20260804\Library\PackageCache\com.unity.modules.unitywebrequestaudio)
    com.unity.modules.unitywebrequesttexture@1.0.0 (location: E:\GitProject\yu_client_unity_notify_sweep_20260804\Library\PackageCache\com.unity.modules.unitywebrequesttexture)
    com.unity.modules.unitywebrequestwww@1.0.0 (location: E:\GitProject\yu_client_unity_notify_sweep_20260804\Library\PackageCache\com.unity.modules.unitywebrequestwww)
    com.unity.modules.vectorgraphics@1.0.0 (location: E:\GitProject\yu_client_unity_notify_sweep_20260804\Library\PackageCache\com.unity.modules.vectorgraphics)
    com.unity.modules.vehicles@1.0.0 (location: E:\GitProject\yu_client_unity_notify_sweep_20260804\Library\PackageCache\com.unity.modules.vehicles)
    com.unity.modules.video@1.0.0 (location: E:\GitProject\yu_client_unity_notify_sweep_20260804\Library\PackageCache\com.unity.modules.video)
    com.unity.modules.vr@1.0.0 (location: E:\GitProject\yu_client_unity_notify_sweep_20260804\Library\PackageCache\com.unity.modules.vr)
    com.unity.modules.wind@1.0.0 (location: E:\GitProject\yu_client_unity_notify_sweep_20260804\Library\PackageCache\com.unity.modules.wind)
    com.unity.modules.xr@1.0.0 (location: E:\GitProject\yu_client_unity_notify_sweep_20260804\Library\PackageCache\com.unity.modules.xr)
    com.unity.modules.subsystems@1.0.0 (location: E:\GitProject\yu_client_unity_notify_sweep_20260804\Library\PackageCache\com.unity.modules.subsystems)
    com.unity.modules.hierarchycore@1.0.0 (location: E:\GitProject\yu_client_unity_notify_sweep_20260804\Library\PackageCache\com.unity.modules.hierarchycore)
    com.unity.ext.nunit@2.0.5 (location: E:\GitProject\yu_client_unity_notify_sweep_20260804\Library\PackageCache\com.unity.ext.nunit@d8c07649098d)
    com.unity.render-pipelines.core@17.3.0 (location: E:\GitProject\yu_client_unity_notify_sweep_20260804\Library\PackageCache\com.unity.render-pipelines.core@0cc60402ef53)
    com.unity.shadergraph@17.3.0 (location: E:\GitProject\yu_client_unity_notify_sweep_20260804\Library\PackageCache\com.unity.shadergraph@4892040ec25e)
    com.unity.render-pipelines.universal-config@17.0.3 (location: E:\GitProject\yu_client_unity_notify_sweep_20260804\Library\PackageCache\com.unity.render-pipelines.universal-config@8dc1aab4af1d)
    com.unity.2d.sprite@1.0.0 (location: E:\GitProject\yu_client_unity_notify_sweep_20260804\Library\PackageCache\com.unity.2d.sprite@3cb28db060cf)
[Subsystems] No new subsystems found in resolved package list.
[Package Manager] Done registering packages in 0.03 seconds
[ScriptCompilation] Requested script compilation because: Assetdatabase observed changes in script compilation related files
Duplicate assembly 'System.Runtime.CompilerServices.Unsafe.dll' with different versions detected, using 'Packages/com.unity.collections/Unity.Collections.Tests/System.Runtime.CompilerServices.Unsafe/System.Runtime.CompilerServices.Unsafe.dll, AssemblyName=System.Runtime.CompilerServices.Unsafe, Version=6.0.0.0, Culture=neutral, PublicKeyToken=b03f5f7f11d50a3a' and ignoring 'Packages/com.unity.pipeline/Runtime/Plugins/CodeAnalysis/System.Runtime.CompilerServices.Unsafe.dll, AssemblyName=System.Runtime.CompilerServices.Unsafe, Version=4.0.4.0, Culture=neutral, PublicKeyToken=b03f5f7f11d50a3a'.Assembly for Assembly Definition File 'Assets/Scripts/Module/Activity/Shenxiao.Module.Activity.asmdef' will not be compiled, because it has no scripts associated with it.
UnityEngine.Debug:ExtractStackTraceNoAlloc (byte*,int,string)
UnityEngine.StackTraceUtility:ExtractStackTrace ()
UnityEngine.DebugLogHandler:Internal_Log (UnityEngine.LogType,UnityEngine.LogOption,string,UnityEngine.Object)
UnityEngine.DebugLogHandler:LogFormat (UnityEngine.LogType,UnityEngine.Object,string,object[])
UnityEngine.Logger:LogFormat (UnityEngine.LogType,string,object[])
UnityEngine.Debug:LogWarningFormat (string,object[])
UnityEditor.Scripting.ScriptCompilation.EditorCompilation:WarnIfThereAreAssembliesWithoutAnyScripts (UnityEditor.Scripting.ScriptCompilation.ScriptAssemblySettings,UnityEditor.Scripting.ScriptCompilation.ScriptAssembly[])
UnityEditor.Scripting.ScriptCompilation.EditorCompilation:CompileScriptsWithSettings (UnityEditor.Scripting.ScriptCompilation.ScriptAssemblySettings)
UnityEditor.Scripting.ScriptCompilation.EditorCompilation:CompileScripts (UnityEditor.Scripting.ScriptCompilation.EditorScriptCompilationOptions,UnityEditor.BuildTarget,int,string[])
UnityEditor.Scripting.ScriptCompilation.EditorCompilationInterface/<>c__DisplayClass21_0:<CompileScripts>b__0 ()
UnityEditor.Scripting.ScriptCompilation.EditorCompilationInterface:EmitExceptionAsError<UnityEditor.Scripting.ScriptCompilation.EditorCompilation/CompileStatus> (System.Func`1<UnityEditor.Scripting.ScriptCompilation.EditorCompilation/CompileStatus>,UnityEditor.Scripting.ScriptCompilation.EditorCompilation/CompileStatus)
UnityEditor.Scripting.ScriptCompilation.EditorCompilationInterface:CompileScripts (UnityEditor.Scripting.ScriptCompilation.EditorScriptCompilationOptions,UnityEditor.BuildTarget,int,string[])

Assembly for Assembly Definition File 'Assets/Scripts/Module/Combat/Shenxiao.Module.Combat.asmdef' will not be compiled, because it has no scripts associated with it.
UnityEngine.Debug:ExtractStackTraceNoAlloc (byte*,int,string)
UnityEngine.StackTraceUtility:ExtractStackTrace ()
UnityEngine.DebugLogHandler:Internal_Log (UnityEngine.LogType,UnityEngine.LogOption,string,UnityEngine.Object)
UnityEngine.DebugLogHandler:LogFormat (UnityEngine.LogType,UnityEngine.Object,string,object[])
UnityEngine.Logger:LogFormat (UnityEngine.LogType,string,object[])
UnityEngine.Debug:LogWarningFormat (string,object[])
UnityEditor.Scripting.ScriptCompilation.EditorCompilation:WarnIfThereAreAssembliesWithoutAnyScripts (UnityEditor.Scripting.ScriptCompilation.ScriptAssemblySettings,UnityEditor.Scripting.ScriptCompilation.ScriptAssembly[])
UnityEditor.Scripting.ScriptCompilation.EditorCompilation:CompileScriptsWithSettings (UnityEditor.Scripting.ScriptCompilation.ScriptAssemblySettings)
UnityEditor.Scripting.ScriptCompilation.EditorCompilation:CompileScripts (UnityEditor.Scripting.ScriptCompilation.EditorScriptCompilationOptions,UnityEditor.BuildTarget,int,string[])
UnityEditor.Scripting.ScriptCompilation.EditorCompilationInterface/<>c__DisplayClass21_0:<CompileScripts>b__0 ()
UnityEditor.Scripting.ScriptCompilation.EditorCompilationInterface:EmitExceptionAsError<UnityEditor.Scripting.ScriptCompilation.EditorCompilation/CompileStatus> (System.Func`1<UnityEditor.Scripting.ScriptCompilation.EditorCompilation/CompileStatus>,UnityEditor.Scripting.ScriptCompilation.EditorCompilation/CompileStatus)
UnityEditor.Scripting.ScriptCompilation.EditorCompilationInterface:CompileScripts (UnityEditor.Scripting.ScriptCompilation.EditorScriptCompilationOptions,UnityEditor.BuildTarget,int,string[])

Assembly for Assembly Definition File 'Assets/Scripts/Module/Social/Shenxiao.Module.Social.asmdef' will not be compiled, because it has no scripts associated with it.
UnityEngine.Debug:ExtractStackTraceNoAlloc (byte*,int,string)
UnityEngine.StackTraceUtility:ExtractStackTrace ()
UnityEngine.DebugLogHandler:Internal_Log (UnityEngine.LogType,UnityEngine.LogOption,string,UnityEngine.Object)
UnityEngine.DebugLogHandler:LogFormat (UnityEngine.LogType,UnityEngine.Object,string,object[])
UnityEngine.Logger:LogFormat (UnityEngine.LogType,string,object[])
UnityEngine.Debug:LogWarningFormat (string,object[])
UnityEditor.Scripting.ScriptCompilation.EditorCompilation:WarnIfThereAreAssembliesWithoutAnyScripts (UnityEditor.Scripting.ScriptCompilation.ScriptAssemblySettings,UnityEditor.Scripting.ScriptCompilation.ScriptAssembly[])
UnityEditor.Scripting.ScriptCompilation.EditorCompilation:CompileScriptsWithSettings (UnityEditor.Scripting.ScriptCompilation.ScriptAssemblySettings)
UnityEditor.Scripting.ScriptCompilation.EditorCompilation:CompileScripts (UnityEditor.Scripting.ScriptCompilation.EditorScriptCompilationOptions,UnityEditor.BuildTarget,int,string[])
UnityEditor.Scripting.ScriptCompilation.EditorCompilationInterface/<>c__DisplayClass21_0:<CompileScripts>b__0 ()
UnityEditor.Scripting.ScriptCompilation.EditorCompilationInterface:EmitExceptionAsError<UnityEditor.Scripting.ScriptCompilation.EditorCompilation/CompileStatus> (System.Func`1<UnityEditor.Scripting.ScriptCompilation.EditorCompilation/CompileStatus>,UnityEditor.Scripting.ScriptCompilation.EditorCompilation/CompileStatus)
UnityEditor.Scripting.ScriptCompilation.EditorCompilationInterface:CompileScripts (UnityEditor.Scripting.ScriptCompilation.EditorScriptCompilationOptions,UnityEditor.BuildTarget,int,string[])

Refreshing native plugins compatible for Editor in 2.41 ms, found 4 plugins.
Starting: C:\Program Files\Unity\Hub\Editor\6000.3.17f1\Editor\Data\Tools\BuildPipeline\bee_backend.exe --ipc --defer-dag-verification --dagfile="Library/Bee/1900b0aE.dag" --continue-on-failure --profile="Library/Bee/backend1.traceevents" ScriptAssemblies
WorkingDir: E:/GitProject/yu_client_unity_notify_sweep_20260804
DisplayProgressbar: Compiling Scripts
ExitCode: 0 Duration: 3s921ms
[1118/1467  0s] ILPP-Configuration Library/ilpp-configuration.nevergeneratedoutput
[1455/1467  2s] Csc Library/Bee/artifacts/1900b0aE.dag/Shenxiao.Editor.dll (+2 others)
Assets\Editor\UiCreator\MainUI\HudOverlayCombatCreator.cs(691,13): warning CS0618: 'TMP_Text.enableWordWrapping' is obsolete: 'The enabledWordWrapping property is now obsolete. Please use the textWrappingMode property instead.'

Assets\Editor\CliVerify\Cases\MarketCase.cs(31,39): warning CS1998: This async method lacks 'await' operators and will run synchronously. Consider using the 'await' operator to await non-blocking API calls, or 'await Task.Run(...)' to do CPU-bound work on a background thread.
[1458/1467  0s] ILPostProcess Library/Bee/artifacts/1900b0aE.dag/post-processed/Shenxiao.Editor.dll (+pdb)
Processing assembly Library/Bee/artifacts/1900b0aE.dag/Shenxiao.Editor.dll, with 137 defines and 302 references

processors: Unity.Jobs.CodeGen.JobsILPostProcessor, Unity.Pipeline.CodeGen.HotReloadInPlaceILPostProcessor, zzzUnity.Burst.CodeGen.BurstILPostProcessor

running Unity.Jobs.CodeGen.JobsILPostProcessor

running Unity.Pipeline.CodeGen.HotReloadInPlaceILPostProcessor

running zzzUnity.Burst.CodeGen.BurstILPostProcessor
[1459/1467  0s] CopyFiles Library/ScriptAssemblies/Shenxiao.Editor.pdb
[1460/1467  0s] CopyFiles Library/ScriptAssemblies/Shenxiao.Editor.dll
[1461/1467  0s] ILPostProcess Library/Bee/artifacts/1900b0aE.dag/post-processed/Assembly-CSharp-Editor.dll (+pdb)
Processing assembly Library/Bee/artifacts/1900b0aE.dag/Assembly-CSharp-Editor.dll, with 137 defines and 371 references

processors: Unity.Jobs.CodeGen.JobsILPostProcessor, Unity.Pipeline.CodeGen.HotReloadInPlaceILPostProcessor, zzzUnity.Burst.CodeGen.BurstILPostProcessor

running Unity.Jobs.CodeGen.JobsILPostProcessor

running Unity.Pipeline.CodeGen.HotReloadInPlaceILPostProcessor

running zzzUnity.Burst.CodeGen.BurstILPostProcessor
[1462/1467  0s] ILPostProcess Library/Bee/artifacts/1900b0aE.dag/post-processed/Assembly-CSharp.dll (+pdb)
Processing assembly Library/Bee/artifacts/1900b0aE.dag/Assembly-CSharp.dll, with 139 defines and 346 references

processors: Unity.Jobs.CodeGen.JobsILPostProcessor, Unity.Pipeline.CodeGen.HotReloadInPlaceILPostProcessor, zzzUnity.Burst.CodeGen.BurstILPostProcessor

running Unity.Jobs.CodeGen.JobsILPostProcessor

running Unity.Pipeline.CodeGen.HotReloadInPlaceILPostProcessor

running zzzUnity.Burst.CodeGen.BurstILPostProcessor
*** Tundra build success (3.88 seconds), 7 items updated, 1467 evaluated
Assets\Editor\UiCreator\MainUI\HudOverlayCombatCreator.cs(691,13): warning CS0618: 'TMP_Text.enableWordWrapping' is obsolete: 'The enabledWordWrapping property is now obsolete. Please use the textWrappingMode property instead.'
Assets\Editor\CliVerify\Cases\MarketCase.cs(31,39): warning CS1998: This async method lacks 'await' operators and will run synchronously. Consider using the 'await' operator to await non-blocking API calls, or 'await Task.Run(...)' to do CPU-bound work on a background thread.
AssetDatabase: script compilation time: 4.399727s
Begin MonoManager ReloadAssembly
Duplicate assembly 'System.Runtime.CompilerServices.Unsafe.dll' with different versions detected, using 'Packages/com.unity.collections/Unity.Collections.Tests/System.Runtime.CompilerServices.Unsafe/System.Runtime.CompilerServices.Unsafe.dll, AssemblyName=System.Runtime.CompilerServices.Unsafe, Version=6.0.0.0, Culture=neutral, PublicKeyToken=b03f5f7f11d50a3a' and ignoring 'Packages/com.unity.pipeline/Runtime/Plugins/CodeAnalysis/System.Runtime.CompilerServices.Unsafe.dll, AssemblyName=System.Runtime.CompilerServices.Unsafe, Version=4.0.4.0, Culture=neutral, PublicKeyToken=b03f5f7f11d50a3a'.- Loaded All Assemblies, in  1.210 seconds
Refreshing native plugins compatible for Editor in 2.06 ms, found 4 plugins.
Native extension for Android target not found
Native extension for WindowsStandalone target not found
Native extension for WebGL target not found
Refreshing native plugins compatible for Editor in 2.21 ms, found 4 plugins.
Duplicate assembly 'System.Runtime.CompilerServices.Unsafe.dll' with different versions detected, using 'Packages/com.unity.collections/Unity.Collections.Tests/System.Runtime.CompilerServices.Unsafe/System.Runtime.CompilerServices.Unsafe.dll, AssemblyName=System.Runtime.CompilerServices.Unsafe, Version=6.0.0.0, Culture=neutral, PublicKeyToken=b03f5f7f11d50a3a' and ignoring 'Packages/com.unity.pipeline/Runtime/Plugins/CodeAnalysis/System.Runtime.CompilerServices.Unsafe.dll, AssemblyName=System.Runtime.CompilerServices.Unsafe, Version=4.0.4.0, Culture=neutral, PublicKeyToken=b03f5f7f11d50a3a'.Duplicate assembly 'System.Runtime.CompilerServices.Unsafe.dll' with different versions detected, using 'Packages/com.unity.collections/Unity.Collections.Tests/System.Runtime.CompilerServices.Unsafe/System.Runtime.CompilerServices.Unsafe.dll, AssemblyName=System.Runtime.CompilerServices.Unsafe, Version=6.0.0.0, Culture=neutral, PublicKeyToken=b03f5f7f11d50a3a' and ignoring 'Packages/com.unity.pipeline/Runtime/Plugins/CodeAnalysis/System.Runtime.CompilerServices.Unsafe.dll, AssemblyName=System.Runtime.CompilerServices.Unsafe, Version=4.0.4.0, Culture=neutral, PublicKeyToken=b03f5f7f11d50a3a'.Start HTTP server: port:7802
[Licensing::Client] Error: Code 404 while processing request (status: Found 0 entitlement groups and 0 free entitlements matching requested entitlement ids)
[Licensing::Client] Error: Code 404 while processing request (status: Found 0 entitlement groups and 0 free entitlements matching requested entitlement ids)
[Licensing::Client] Error: Code 404 while processing request (status: Found 0 entitlement groups and 0 free entitlements matching requested entitlement ids)
ScheduleIndexationOnStartup MainProcess:True IndexOnStartup:True
Mono: successfully reloaded assembly
- Finished resetting the current domain, in  6.065 seconds
Domain Reload Profiling: 7266ms
	BeginReloadAssembly (295ms)
		ExecutionOrderSort (0ms)
		DisableScriptedObjects (23ms)
		BackupInstance (0ms)
		ReleaseScriptingObjects (0ms)
		CreateAndSetChildDomain (147ms)
	RebuildCommonClasses (31ms)
	RebuildNativeTypeToScriptingClass (10ms)
	initialDomainReloadingComplete (55ms)
	LoadAllAssembliesAndSetupDomain (809ms)
		LoadAssemblies (406ms)
		RebuildTransferFunctionScriptingTraits (0ms)
		AnalyzeDomain (489ms)
			TypeCache.Refresh (371ms)
				TypeCache.ScanAssembly (351ms)
			BuildScriptInfoCaches (85ms)
			ResolveRequiredComponents (26ms)
	FinalizeReload (6066ms)
		ReleaseScriptCaches (0ms)
		RebuildScriptCaches (0ms)
		SetupLoadedEditorAssemblies (5716ms)
			LogAssemblyErrors (0ms)
			InitializePlatformSupportModulesInManaged (32ms)
			SetLoadedEditorAssemblies (5ms)
			BeforeProcessingInitializeOnLoad (173ms)
			ProcessInitializeOnLoadAttributes (4668ms)
			ProcessInitializeOnLoadMethodAttributes (829ms)
			AfterProcessingInitializeOnLoad (9ms)
			EditorAssembliesLoaded (1ms)
		ExecutionOrderSort2 (0ms)
		AwakeInstancesAfterBackupRestoration (60ms)
Refreshing native plugins compatible for Editor in 2.48 ms, found 4 plugins.
Preloading 0 native plugins for Editor in 0.00 ms.
Asset Pipeline Refresh (id=f614558ae633101419c2ea494039559b): Total: 14.128 seconds - Initiated by InitialRefreshV2(ForceSynchronousImport)
	Summary:
		Imports: total=0 (actual=0, local cache=0, cache server=0)
		Asset DB Process Time: managed=0 ms, native=7659 ms
		Asset DB Callback time: managed=756 ms, native=38 ms
		Scripting: domain reloads=1, domain reload time=1210 ms, compile time=4401 ms, other=61 ms
		Project Asset Count: scripts=6342, non-scripts=66780
		Asset File Changes: new=0, changed=1, moved=0, deleted=0
		Scan Filter Count: 0
	InvokeCustomDependenciesCallbacks: 0.001ms
	InvokePackagesCallback: 31.548ms
	ApplyChangesToAssetFolders: 0.657ms
	Scan: 517.416ms
	OnSourceAssetsModified: 0.844ms
	CategorizeAssetsWithTransientArtifact: 90.761ms
	ProcessAssetsWithTransientArtifactChanges: 123.806ms
	CategorizeAssets: 609.406ms
	ImportOutOfDateAssets: 6099.178ms (1681.094ms without children)
		CompileScripts: 4401.316ms
		ReloadNativeAssets: 0.076ms
		UnloadImportedAssets: 1.685ms
		EnsureUptoDateAssetsAreRegisteredWithGuidPM: 9.633ms
		InitializingProgressBar: 0.001ms
		PostProcessAllAssetNotificationsAddChangedAssets: 0.000ms
		OnDemandSchedulerStart: 5.372ms
	PostProcessAllAssets: 757.200ms
	Hotreload: 7.682ms
	GatherAllCurrentPrimaryArtifactRevisions: 0.002ms
	UnloadStreamsBegin: 2.318ms
	PersistCurrentRevisions: 3.044ms
	UnloadStreamsEnd: 0.002ms
	GenerateScriptTypeHashes: 12.480ms
	Untracked: 5883.926ms

Application.AssetDatabase Initial Refresh End
Launched and connected shader compiler UnityShaderCompiler.exe after 0.02 seconds
Scanning for USB devices : 5.102ms
Initializing Unity extensions:
[MODES] ModeService[none].Initialize
[MODES] ModeService[none].LoadModes
[MODES] Loading mode Default (0) for mode-current-id-Shenxiao
Unloading 174 Unused Serialized files (Serialized files now loaded: 0)
Unloading 11849 unused Assets / (8.7 MB). Loaded Objects now: 12907.
Memory consumption went from 481.3 MB to 472.6 MB.
Total: 49.885800 ms (FindLiveObjects: 1.070000 ms CreateObjectMapping: 1.090900 ms MarkObjects: 43.049500 ms  DeleteObjects: 4.673900 ms)

[Project] Loading completed in 18.735 seconds
	Project init time: 				18.017 seconds
		Template init time: 		0.000 seconds
		Package Manager init time: 		1.271 seconds
		Asset Database init time: 		0.451 seconds
		Global illumination init time: 	0.002 seconds
		Assemblies load time: 			0.739 seconds
		Unity extensions init time: 	0.018 seconds
		Asset Database refresh time: 	14.128 seconds
	Scene opening time: 			0.281 seconds
##utp:{"type":"ProjectInfo","version":2,"phase":"Immediate","time":1785838980761,"processId":66900,"projectLoad":18.7347692,"projectInit":18.0168175,"templateInit":0.0,"packageManagerInit":1.271084,"assetDatabaseInit":0.451267,"globalIlluminationInit":0.0024391,"assembliesLoad":0.7387131,"unityExtensionsInit":0.0176455,"assetDatabaseRefresh":14.127938,"sceneOpening":0.2809687}
##utp:{"type":"EditorInfo","version":2,"phase":"Immediate","time":1785838980761,"processId":66900,"editorVersion":"6000.3.17f1 (cf0352b38e81)","branch":"6000.3/staging","buildType":"Release","platform":"Windows"}
[Licensing::Client] Error: Code 404 while processing request (status: Found 0 entitlement groups and 0 free entitlements matching requested entitlement ids)
[Licensing::Client] Error: Code 404 while processing request (status: Found 0 entitlement groups and 0 free entitlements matching requested entitlement ids)
[Licensing::Client] Successfully resolved entitlement details
Unloading 2 Unused Serialized files (Serialized files now loaded: 0)
Unloading 1 unused Assets / (4.9 KB). Loaded Objects now: 12917.
Memory consumption went from 458.5 MB to 458.5 MB.
Total: 42.641200 ms (FindLiveObjects: 0.571300 ms CreateObjectMapping: 0.482000 ms MarkObjects: 41.546300 ms  DeleteObjects: 0.040100 ms)

CLIVERIFY mainui-onhook-boost assets-and-real-prefab ok=True
UnityEngine.Debug:ExtractStackTraceNoAlloc (byte*,int,string)
UnityEngine.StackTraceUtility:ExtractStackTrace ()
UnityEngine.DebugLogHandler:Internal_Log (UnityEngine.LogType,UnityEngine.LogOption,string,UnityEngine.Object)
UnityEngine.DebugLogHandler:LogFormat (UnityEngine.LogType,UnityEngine.Object,string,object[])
UnityEngine.Logger:Log (UnityEngine.LogType,object)
UnityEngine.Debug:Log (object)
Shenxiao.EditorTools.MainUIOnHookBoostCase:Check (string,bool,bool&) (at Assets/Editor/CliVerify/Cases/MainUIOnHookBoostCase.cs:363)
Shenxiao.EditorTools.MainUIOnHookBoostCase/<Run>d__7:MoveNext () (at Assets/Editor/CliVerify/Cases/MainUIOnHookBoostCase.cs:62)
System.Runtime.CompilerServices.AsyncTaskMethodBuilder`1<int>:Start<Shenxiao.EditorTools.MainUIOnHookBoostCase/<Run>d__7> (Shenxiao.EditorTools.MainUIOnHookBoostCase/<Run>d__7&)
Shenxiao.EditorTools.MainUIOnHookBoostCase:Run ()
Shenxiao.EditorTools.CliVerify/<>c__DisplayClass193_0:<Run>b__0 () (at Assets/Editor/CliVerify/CliVerify.cs:1625)
UnityEditor.EditorApplication:Internal_CallUpdateFunctions ()

(Filename: Assets/Editor/CliVerify/Cases/MainUIOnHookBoostCase.cs Line: 363)

CLIVERIFY mainui-onhook-boost business-entry ok=True
UnityEngine.Debug:ExtractStackTraceNoAlloc (byte*,int,string)
UnityEngine.StackTraceUtility:ExtractStackTrace ()
UnityEngine.DebugLogHandler:Internal_Log (UnityEngine.LogType,UnityEngine.LogOption,string,UnityEngine.Object)
UnityEngine.DebugLogHandler:LogFormat (UnityEngine.LogType,UnityEngine.Object,string,object[])
UnityEngine.Logger:Log (UnityEngine.LogType,object)
UnityEngine.Debug:Log (object)
Shenxiao.EditorTools.MainUIOnHookBoostCase:Check (string,bool,bool&) (at Assets/Editor/CliVerify/Cases/MainUIOnHookBoostCase.cs:363)
Shenxiao.EditorTools.MainUIOnHookBoostCase/<Run>d__7:MoveNext () (at Assets/Editor/CliVerify/Cases/MainUIOnHookBoostCase.cs:75)
System.Runtime.CompilerServices.AsyncTaskMethodBuilder`1<int>:Start<Shenxiao.EditorTools.MainUIOnHookBoostCase/<Run>d__7> (Shenxiao.EditorTools.MainUIOnHookBoostCase/<Run>d__7&)
Shenxiao.EditorTools.MainUIOnHookBoostCase:Run ()
Shenxiao.EditorTools.CliVerify/<>c__DisplayClass193_0:<Run>b__0 () (at Assets/Editor/CliVerify/CliVerify.cs:1625)
UnityEditor.EditorApplication:Internal_CallUpdateFunctions ()

(Filename: Assets/Editor/CliVerify/Cases/MainUIOnHookBoostCase.cs Line: 363)

CLIVERIFY mainui-onhook-boost prefab-slot-host-key-scale ok=True
UnityEngine.Debug:ExtractStackTraceNoAlloc (byte*,int,string)
UnityEngine.StackTraceUtility:ExtractStackTrace ()
UnityEngine.DebugLogHandler:Internal_Log (UnityEngine.LogType,UnityEngine.LogOption,string,UnityEngine.Object)
UnityEngine.DebugLogHandler:LogFormat (UnityEngine.LogType,UnityEngine.Object,string,object[])
UnityEngine.Logger:Log (UnityEngine.LogType,object)
UnityEngine.Debug:Log (object)
Shenxiao.EditorTools.MainUIOnHookBoostCase:Check (string,bool,bool&) (at Assets/Editor/CliVerify/Cases/MainUIOnHookBoostCase.cs:363)
Shenxiao.EditorTools.MainUIOnHookBoostCase/<Run>d__7:MoveNext () (at Assets/Editor/CliVerify/Cases/MainUIOnHookBoostCase.cs:88)
System.Runtime.CompilerServices.AsyncTaskMethodBuilder`1<int>:Start<Shenxiao.EditorTools.MainUIOnHookBoostCase/<Run>d__7> (Shenxiao.EditorTools.MainUIOnHookBoostCase/<Run>d__7&)
Shenxiao.EditorTools.MainUIOnHookBoostCase:Run ()
Shenxiao.EditorTools.CliVerify/<>c__DisplayClass193_0:<Run>b__0 () (at Assets/Editor/CliVerify/CliVerify.cs:1625)
UnityEditor.EditorApplication:Internal_CallUpdateFunctions ()

(Filename: Assets/Editor/CliVerify/Cases/MainUIOnHookBoostCase.cs Line: 363)

CLIVERIFY mainui-onhook-boost state-gate-not-maxed-and-no-exp-buff ok=True
UnityEngine.Debug:ExtractStackTraceNoAlloc (byte*,int,string)
UnityEngine.StackTraceUtility:ExtractStackTrace ()
UnityEngine.DebugLogHandler:Internal_Log (UnityEngine.LogType,UnityEngine.LogOption,string,UnityEngine.Object)
UnityEngine.DebugLogHandler:LogFormat (UnityEngine.LogType,UnityEngine.Object,string,object[])
UnityEngine.Logger:Log (UnityEngine.LogType,object)
UnityEngine.Debug:Log (object)
Shenxiao.EditorTools.MainUIOnHookBoostCase:Check (string,bool,bool&) (at Assets/Editor/CliVerify/Cases/MainUIOnHookBoostCase.cs:363)
Shenxiao.EditorTools.MainUIOnHookBoostCase/<Run>d__7:MoveNext () (at Assets/Editor/CliVerify/Cases/MainUIOnHookBoostCase.cs:94)
System.Runtime.CompilerServices.AsyncTaskMethodBuilder`1<int>:Start<Shenxiao.EditorTools.MainUIOnHookBoostCase/<Run>d__7> (Shenxiao.EditorTools.MainUIOnHookBoostCase/<Run>d__7&)
Shenxiao.EditorTools.MainUIOnHookBoostCase:Run ()
Shenxiao.EditorTools.CliVerify/<>c__DisplayClass193_0:<Run>b__0 () (at Assets/Editor/CliVerify/CliVerify.cs:1625)
UnityEditor.EditorApplication:Internal_CallUpdateFunctions ()

(Filename: Assets/Editor/CliVerify/Cases/MainUIOnHookBoostCase.cs Line: 363)

CLIVERIFY mainui-onhook-boost addressable-runtime-asset ok=True
UnityEngine.Debug:ExtractStackTraceNoAlloc (byte*,int,string)
UnityEngine.StackTraceUtility:ExtractStackTrace ()
UnityEngine.DebugLogHandler:Internal_Log (UnityEngine.LogType,UnityEngine.LogOption,string,UnityEngine.Object)
UnityEngine.DebugLogHandler:LogFormat (UnityEngine.LogType,UnityEngine.Object,string,object[])
UnityEngine.Logger:Log (UnityEngine.LogType,object)
UnityEngine.Debug:Log (object)
Shenxiao.EditorTools.MainUIOnHookBoostCase:Check (string,bool,bool&) (at Assets/Editor/CliVerify/Cases/MainUIOnHookBoostCase.cs:363)
Shenxiao.EditorTools.MainUIOnHookBoostCase/<Run>d__7:MoveNext () (at Assets/Editor/CliVerify/Cases/MainUIOnHookBoostCase.cs:99)
System.Runtime.CompilerServices.AsyncTaskMethodBuilder`1<int>:Start<Shenxiao.EditorTools.MainUIOnHookBoostCase/<Run>d__7> (Shenxiao.EditorTools.MainUIOnHookBoostCase/<Run>d__7&)
Shenxiao.EditorTools.MainUIOnHookBoostCase:Run ()
Shenxiao.EditorTools.CliVerify/<>c__DisplayClass193_0:<Run>b__0 () (at Assets/Editor/CliVerify/CliVerify.cs:1625)
UnityEditor.EditorApplication:Internal_CallUpdateFunctions ()

(Filename: Assets/Editor/CliVerify/Cases/MainUIOnHookBoostCase.cs Line: 363)

CLIVERIFY mainui-onhook-boost animation sweep=UI_tisheng/1.333 pulse=UI_tisheng01/3.000 looped=True materialOffset=True baseMapUv=True
UnityEngine.Debug:ExtractStackTraceNoAlloc (byte*,int,string)
UnityEngine.StackTraceUtility:ExtractStackTrace ()
UnityEngine.DebugLogHandler:Internal_Log (UnityEngine.LogType,UnityEngine.LogOption,string,UnityEngine.Object)
UnityEngine.DebugLogHandler:LogFormat (UnityEngine.LogType,UnityEngine.Object,string,object[])
UnityEngine.Logger:Log (UnityEngine.LogType,object)
UnityEngine.Debug:Log (object)
Shenxiao.EditorTools.MainUIOnHookBoostCase/<Run>d__7:MoveNext () (at Assets/Editor/CliVerify/Cases/MainUIOnHookBoostCase.cs:102)
System.Runtime.CompilerServices.AsyncTaskMethodBuilder`1<int>:Start<Shenxiao.EditorTools.MainUIOnHookBoostCase/<Run>d__7> (Shenxiao.EditorTools.MainUIOnHookBoostCase/<Run>d__7&)
Shenxiao.EditorTools.MainUIOnHookBoostCase:Run ()
Shenxiao.EditorTools.CliVerify/<>c__DisplayClass193_0:<Run>b__0 () (at Assets/Editor/CliVerify/CliVerify.cs:1625)
UnityEditor.EditorApplication:Internal_CallUpdateFunctions ()

(Filename: Assets/Editor/CliVerify/Cases/MainUIOnHookBoostCase.cs Line: 102)

CLIVERIFY mainui-onhook-boost looping-material-sweep ok=True
UnityEngine.Debug:ExtractStackTraceNoAlloc (byte*,int,string)
UnityEngine.StackTraceUtility:ExtractStackTrace ()
UnityEngine.DebugLogHandler:Internal_Log (UnityEngine.LogType,UnityEngine.LogOption,string,UnityEngine.Object)
UnityEngine.DebugLogHandler:LogFormat (UnityEngine.LogType,UnityEngine.Object,string,object[])
UnityEngine.Logger:Log (UnityEngine.LogType,object)
UnityEngine.Debug:Log (object)
Shenxiao.EditorTools.MainUIOnHookBoostCase:Check (string,bool,bool&) (at Assets/Editor/CliVerify/Cases/MainUIOnHookBoostCase.cs:363)
Shenxiao.EditorTools.MainUIOnHookBoostCase/<Run>d__7:MoveNext () (at Assets/Editor/CliVerify/Cases/MainUIOnHookBoostCase.cs:103)
System.Runtime.CompilerServices.AsyncTaskMethodBuilder`1<int>:Start<Shenxiao.EditorTools.MainUIOnHookBoostCase/<Run>d__7> (Shenxiao.EditorTools.MainUIOnHookBoostCase/<Run>d__7&)
Shenxiao.EditorTools.MainUIOnHookBoostCase:Run ()
Shenxiao.EditorTools.CliVerify/<>c__DisplayClass193_0:<Run>b__0 () (at Assets/Editor/CliVerify/CliVerify.cs:1625)
UnityEditor.EditorApplication:Internal_CallUpdateFunctions ()

(Filename: Assets/Editor/CliVerify/Cases/MainUIOnHookBoostCase.cs Line: 363)

CLIVERIFY mainui-onhook-boost apply-state requested=True immediateHandle=True liveBefore=0 liveImmediate=1
UnityEngine.Debug:ExtractStackTraceNoAlloc (byte*,int,string)
UnityEngine.StackTraceUtility:ExtractStackTrace ()
UnityEngine.DebugLogHandler:Internal_Log (UnityEngine.LogType,UnityEngine.LogOption,string,UnityEngine.Object)
UnityEngine.DebugLogHandler:LogFormat (UnityEngine.LogType,UnityEngine.Object,string,object[])
UnityEngine.Logger:Log (UnityEngine.LogType,object)
UnityEngine.Debug:Log (object)
Shenxiao.EditorTools.MainUIOnHookBoostCase/<Run>d__7:MoveNext () (at Assets/Editor/CliVerify/Cases/MainUIOnHookBoostCase.cs:114)
System.Runtime.CompilerServices.AsyncTaskMethodBuilder`1<int>:Start<Shenxiao.EditorTools.MainUIOnHookBoostCase/<Run>d__7> (Shenxiao.EditorTools.MainUIOnHookBoostCase/<Run>d__7&)
Shenxiao.EditorTools.MainUIOnHookBoostCase:Run ()
Shenxiao.EditorTools.CliVerify/<>c__DisplayClass193_0:<Run>b__0 () (at Assets/Editor/CliVerify/CliVerify.cs:1625)
UnityEditor.EditorApplication:Internal_CallUpdateFunctions ()

(Filename: Assets/Editor/CliVerify/Cases/MainUIOnHookBoostCase.cs Line: 114)

CLIVERIFY mainui-onhook-boost load-state handle=True disposed=False requested=True liveBefore=0 liveAfter=1
UnityEngine.Debug:ExtractStackTraceNoAlloc (byte*,int,string)
UnityEngine.StackTraceUtility:ExtractStackTrace ()
UnityEngine.DebugLogHandler:Internal_Log (UnityEngine.LogType,UnityEngine.LogOption,string,UnityEngine.Object)
UnityEngine.DebugLogHandler:LogFormat (UnityEngine.LogType,UnityEngine.Object,string,object[])
UnityEngine.Logger:Log (UnityEngine.LogType,object)
UnityEngine.Debug:Log (object)
Shenxiao.EditorTools.MainUIOnHookBoostCase/<Run>d__7:MoveNext () (at Assets/Editor/CliVerify/Cases/MainUIOnHookBoostCase.cs:121)
System.Runtime.CompilerServices.AsyncTaskMethodBuilder`1<int>:Start<Shenxiao.EditorTools.MainUIOnHookBoostCase/<Run>d__7> (Shenxiao.EditorTools.MainUIOnHookBoostCase/<Run>d__7&)
Shenxiao.EditorTools.MainUIOnHookBoostCase:Run ()
Shenxiao.EditorTools.CliVerify/<>c__DisplayClass193_0:<Run>b__0 () (at Assets/Editor/CliVerify/CliVerify.cs:1625)
UnityEditor.EditorApplication:Internal_CallUpdateFunctions ()

(Filename: Assets/Editor/CliVerify/Cases/MainUIOnHookBoostCase.cs Line: 121)

CLIVERIFY mainui-onhook-boost runtime-load ok=True
UnityEngine.Debug:ExtractStackTraceNoAlloc (byte*,int,string)
UnityEngine.StackTraceUtility:ExtractStackTrace ()
UnityEngine.DebugLogHandler:Internal_Log (UnityEngine.LogType,UnityEngine.LogOption,string,UnityEngine.Object)
UnityEngine.DebugLogHandler:LogFormat (UnityEngine.LogType,UnityEngine.Object,string,object[])
UnityEngine.Logger:Log (UnityEngine.LogType,object)
UnityEngine.Debug:Log (object)
Shenxiao.EditorTools.MainUIOnHookBoostCase:Check (string,bool,bool&) (at Assets/Editor/CliVerify/Cases/MainUIOnHookBoostCase.cs:363)
Shenxiao.EditorTools.MainUIOnHookBoostCase/<Run>d__7:MoveNext () (at Assets/Editor/CliVerify/Cases/MainUIOnHookBoostCase.cs:124)
System.Runtime.CompilerServices.AsyncTaskMethodBuilder`1<int>:Start<Shenxiao.EditorTools.MainUIOnHookBoostCase/<Run>d__7> (Shenxiao.EditorTools.MainUIOnHookBoostCase/<Run>d__7&)
Shenxiao.EditorTools.MainUIOnHookBoostCase:Run ()
Shenxiao.EditorTools.CliVerify/<>c__DisplayClass193_0:<Run>b__0 () (at Assets/Editor/CliVerify/CliVerify.cs:1625)
UnityEditor.EditorApplication:Internal_CallUpdateFunctions ()

(Filename: Assets/Editor/CliVerify/Cases/MainUIOnHookBoostCase.cs Line: 363)

Start Indexing on Editor startup
[Indexing] Starting Initial Indexing for Assets
CLIVERIFY mainui-onhook-boost same-state-no-duplicate ok=True
UnityEngine.Debug:ExtractStackTraceNoAlloc (byte*,int,string)
UnityEngine.StackTraceUtility:ExtractStackTrace ()
UnityEngine.DebugLogHandler:Internal_Log (UnityEngine.LogType,UnityEngine.LogOption,string,UnityEngine.Object)
UnityEngine.DebugLogHandler:LogFormat (UnityEngine.LogType,UnityEngine.Object,string,object[])
UnityEngine.Logger:Log (UnityEngine.LogType,object)
UnityEngine.Debug:Log (object)
Shenxiao.EditorTools.MainUIOnHookBoostCase:Check (string,bool,bool&) (at Assets/Editor/CliVerify/Cases/MainUIOnHookBoostCase.cs:363)
Shenxiao.EditorTools.MainUIOnHookBoostCase/<Run>d__7:MoveNext () (at Assets/Editor/CliVerify/Cases/MainUIOnHookBoostCase.cs:136)
System.Runtime.CompilerServices.AsyncMethodBuilderCore/MoveNextRunner:InvokeMoveNext (object)
System.Threading.ExecutionContext:RunInternal (System.Threading.ExecutionContext,System.Threading.ContextCallback,object,bool)
System.Threading.ExecutionContext:Run (System.Threading.ExecutionContext,System.Threading.ContextCallback,object,bool)
System.Runtime.CompilerServices.AsyncMethodBuilderCore/MoveNextRunner:Run ()
System.Threading.Tasks.SynchronizationContextAwaitTaskContinuation/<>c:<.cctor>b__7_0 (object)
UnityEngine.UnitySynchronizationContext/WorkRequest:Invoke ()
UnityEngine.UnitySynchronizationContext:Exec ()
UnityEngine.UnitySynchronizationContext:ExecuteTasks ()

(Filename: Assets/Editor/CliVerify/Cases/MainUIOnHookBoostCase.cs Line: 363)

CLIVERIFY mainui-onhook-boost runtime-diagnostic ok=True
UnityEngine.Debug:ExtractStackTraceNoAlloc (byte*,int,string)
UnityEngine.StackTraceUtility:ExtractStackTrace ()
UnityEngine.DebugLogHandler:Internal_Log (UnityEngine.LogType,UnityEngine.LogOption,string,UnityEngine.Object)
UnityEngine.DebugLogHandler:LogFormat (UnityEngine.LogType,UnityEngine.Object,string,object[])
UnityEngine.Logger:Log (UnityEngine.LogType,object)
UnityEngine.Debug:Log (object)
Shenxiao.EditorTools.MainUIOnHookBoostCase:Check (string,bool,bool&) (at Assets/Editor/CliVerify/Cases/MainUIOnHookBoostCase.cs:363)
Shenxiao.EditorTools.MainUIOnHookBoostCase/<Run>d__7:MoveNext () (at Assets/Editor/CliVerify/Cases/MainUIOnHookBoostCase.cs:145)
System.Runtime.CompilerServices.AsyncMethodBuilderCore/MoveNextRunner:InvokeMoveNext (object)
System.Threading.ExecutionContext:RunInternal (System.Threading.ExecutionContext,System.Threading.ContextCallback,object,bool)
System.Threading.ExecutionContext:Run (System.Threading.ExecutionContext,System.Threading.ContextCallback,object,bool)
System.Runtime.CompilerServices.AsyncMethodBuilderCore/MoveNextRunner:Run ()
System.Threading.Tasks.SynchronizationContextAwaitTaskContinuation/<>c:<.cctor>b__7_0 (object)
UnityEngine.UnitySynchronizationContext/WorkRequest:Invoke ()
UnityEngine.UnitySynchronizationContext:Exec ()
UnityEngine.UnitySynchronizationContext:ExecuteTasks ()

(Filename: Assets/Editor/CliVerify/Cases/MainUIOnHookBoostCase.cs Line: 363)

CLIVERIFY mainui-onhook-boost render-channel ok=True
UnityEngine.Debug:ExtractStackTraceNoAlloc (byte*,int,string)
UnityEngine.StackTraceUtility:ExtractStackTrace ()
UnityEngine.DebugLogHandler:Internal_Log (UnityEngine.LogType,UnityEngine.LogOption,string,UnityEngine.Object)
UnityEngine.DebugLogHandler:LogFormat (UnityEngine.LogType,UnityEngine.Object,string,object[])
UnityEngine.Logger:Log (UnityEngine.LogType,object)
UnityEngine.Debug:Log (object)
Shenxiao.EditorTools.MainUIOnHookBoostCase:Check (string,bool,bool&) (at Assets/Editor/CliVerify/Cases/MainUIOnHookBoostCase.cs:363)
Shenxiao.EditorTools.MainUIOnHookBoostCase/<Run>d__7:MoveNext () (at Assets/Editor/CliVerify/Cases/MainUIOnHookBoostCase.cs:153)
System.Runtime.CompilerServices.AsyncMethodBuilderCore/MoveNextRunner:InvokeMoveNext (object)
System.Threading.ExecutionContext:RunInternal (System.Threading.ExecutionContext,System.Threading.ContextCallback,object,bool)
System.Threading.ExecutionContext:Run (System.Threading.ExecutionContext,System.Threading.ContextCallback,object,bool)
System.Runtime.CompilerServices.AsyncMethodBuilderCore/MoveNextRunner:Run ()
System.Threading.Tasks.SynchronizationContextAwaitTaskContinuation/<>c:<.cctor>b__7_0 (object)
UnityEngine.UnitySynchronizationContext/WorkRequest:Invoke ()
UnityEngine.UnitySynchronizationContext:Exec ()
UnityEngine.UnitySynchronizationContext:ExecuteTasks ()

(Filename: Assets/Editor/CliVerify/Cases/MainUIOnHookBoostCase.cs Line: 363)

CLIVERIFY mainui-onhook-boost render-diagnostic channel=CliVerifyCanvas_Overlay parentRect=(69.00, 31.00) effectScale=(35.00, 35.00, 35.00) effectBounds=(1.07, 0.27, 0.08) camera=(6000.00, -6000.00, 10086.00) ortho=6.4 rt=720x1280
UnityEngine.Debug:ExtractStackTraceNoAlloc (byte*,int,string)
UnityEngine.StackTraceUtility:ExtractStackTrace ()
UnityEngine.DebugLogHandler:Internal_Log (UnityEngine.LogType,UnityEngine.LogOption,string,UnityEngine.Object)
UnityEngine.DebugLogHandler:LogFormat (UnityEngine.LogType,UnityEngine.Object,string,object[])
UnityEngine.Logger:Log (UnityEngine.LogType,object)
UnityEngine.Debug:Log (object)
Shenxiao.EditorTools.MainUIOnHookBoostCase:LogRenderDiagnostic (UnityEngine.GameObject,UnityEngine.Camera,Shenxiao.Common.UI3D.UIEffectStage/EffectDiagnostic) (at Assets/Editor/CliVerify/Cases/MainUIOnHookBoostCase.cs:272)
Shenxiao.EditorTools.MainUIOnHookBoostCase/<Run>d__7:MoveNext () (at Assets/Editor/CliVerify/Cases/MainUIOnHookBoostCase.cs:156)
System.Runtime.CompilerServices.AsyncMethodBuilderCore/MoveNextRunner:InvokeMoveNext (object)
System.Threading.ExecutionContext:RunInternal (System.Threading.ExecutionContext,System.Threading.ContextCallback,object,bool)
System.Threading.ExecutionContext:Run (System.Threading.ExecutionContext,System.Threading.ContextCallback,object,bool)
System.Runtime.CompilerServices.AsyncMethodBuilderCore/MoveNextRunner:Run ()
System.Threading.Tasks.SynchronizationContextAwaitTaskContinuation/<>c:<.cctor>b__7_0 (object)
UnityEngine.UnitySynchronizationContext/WorkRequest:Invoke ()
UnityEngine.UnitySynchronizationContext:Exec ()
UnityEngine.UnitySynchronizationContext:ExecuteTasks ()

(Filename: Assets/Editor/CliVerify/Cases/MainUIOnHookBoostCase.cs Line: 272)

CLIVERIFY mainui-onhook-boost renderer[0] name=plane002 active=True enabled=True forceOff=False layer=31 bounds=(5999.25, -6002.01, 10095.92)/(1.07, 0.27, 0.00) viewport=(0.40, 0.34, 9.92) shader=Shenxiao/Effect/LayaParticleUnlit supported=True passCount=1 texture=yy_z_0127
UnityEngine.Debug:ExtractStackTraceNoAlloc (byte*,int,string)
UnityEngine.StackTraceUtility:ExtractStackTrace ()
UnityEngine.DebugLogHandler:Internal_Log (UnityEngine.LogType,UnityEngine.LogOption,string,UnityEngine.Object)
UnityEngine.DebugLogHandler:LogFormat (UnityEngine.LogType,UnityEngine.Object,string,object[])
UnityEngine.Logger:Log (UnityEngine.LogType,object)
UnityEngine.Debug:Log (object)
Shenxiao.EditorTools.MainUIOnHookBoostCase:LogRenderDiagnostic (UnityEngine.GameObject,UnityEngine.Camera,Shenxiao.Common.UI3D.UIEffectStage/EffectDiagnostic) (at Assets/Editor/CliVerify/Cases/MainUIOnHookBoostCase.cs:285)
Shenxiao.EditorTools.MainUIOnHookBoostCase/<Run>d__7:MoveNext () (at Assets/Editor/CliVerify/Cases/MainUIOnHookBoostCase.cs:156)
System.Runtime.CompilerServices.AsyncMethodBuilderCore/MoveNextRunner:InvokeMoveNext (object)
System.Threading.ExecutionContext:RunInternal (System.Threading.ExecutionContext,System.Threading.ContextCallback,object,bool)
System.Threading.ExecutionContext:Run (System.Threading.ExecutionContext,System.Threading.ContextCallback,object,bool)
System.Runtime.CompilerServices.AsyncMethodBuilderCore/MoveNextRunner:Run ()
System.Threading.Tasks.SynchronizationContextAwaitTaskContinuation/<>c:<.cctor>b__7_0 (object)
UnityEngine.UnitySynchronizationContext/WorkRequest:Invoke ()
UnityEngine.UnitySynchronizationContext:Exec ()
UnityEngine.UnitySynchronizationContext:ExecuteTasks ()

(Filename: Assets/Editor/CliVerify/Cases/MainUIOnHookBoostCase.cs Line: 285)

CLIVERIFY mainui-onhook-boost renderer[1] name=eff_cys_mp05 active=True enabled=True forceOff=False layer=31 bounds=(5999.26, -6002.00, 10095.84)/(0.55, 0.18, 0.00) viewport=(0.40, 0.34, 9.84) shader=Shenxiao/Effect/LayaParticleUnlit supported=True passCount=1 texture=eff_lbb_206
UnityEngine.Debug:ExtractStackTraceNoAlloc (byte*,int,string)
UnityEngine.StackTraceUtility:ExtractStackTrace ()
UnityEngine.DebugLogHandler:Internal_Log (UnityEngine.LogType,UnityEngine.LogOption,string,UnityEngine.Object)
UnityEngine.DebugLogHandler:LogFormat (UnityEngine.LogType,UnityEngine.Object,string,object[])
UnityEngine.Logger:Log (UnityEngine.LogType,object)
UnityEngine.Debug:Log (object)
Shenxiao.EditorTools.MainUIOnHookBoostCase:LogRenderDiagnostic (UnityEngine.GameObject,UnityEngine.Camera,Shenxiao.Common.UI3D.UIEffectStage/EffectDiagnostic) (at Assets/Editor/CliVerify/Cases/MainUIOnHookBoostCase.cs:285)
Shenxiao.EditorTools.MainUIOnHookBoostCase/<Run>d__7:MoveNext () (at Assets/Editor/CliVerify/Cases/MainUIOnHookBoostCase.cs:156)
System.Runtime.CompilerServices.AsyncMethodBuilderCore/MoveNextRunner:InvokeMoveNext (object)
System.Threading.ExecutionContext:RunInternal (System.Threading.ExecutionContext,System.Threading.ContextCallback,object,bool)
System.Threading.ExecutionContext:Run (System.Threading.ExecutionContext,System.Threading.ContextCallback,object,bool)
System.Runtime.CompilerServices.AsyncMethodBuilderCore/MoveNextRunner:Run ()
System.Threading.Tasks.SynchronizationContextAwaitTaskContinuation/<>c:<.cctor>b__7_0 (object)
UnityEngine.UnitySynchronizationContext/WorkRequest:Invoke ()
UnityEngine.UnitySynchronizationContext:Exec ()
UnityEngine.UnitySynchronizationContext:ExecuteTasks ()

(Filename: Assets/Editor/CliVerify/Cases/MainUIOnHookBoostCase.cs Line: 285)

CLIVERIFY mainui-onhook-boost render startAlpha=733 midAlpha=733 startLit=997 midLit=995 changed=111 rawStart=E:\GitProject\yu_client_unity_notify_sweep_20260804\output\ui_route_audit\2026-08-04_mainui_onhook_boost_sweep\runtime\ui_tisheng_rt_start.png rawMid=E:\GitProject\yu_client_unity_notify_sweep_20260804\output\ui_route_audit\2026-08-04_mainui_onhook_boost_sweep\runtime\ui_tisheng_rt_mid.png hudStart=E:\GitProject\yu_client_unity_notify_sweep_20260804\output\ui_route_audit\2026-08-04_mainui_onhook_boost_sweep\runtime\hud_onhook_boost_start.png hudMid=E:\GitProject\yu_client_unity_notify_sweep_20260804\output\ui_route_audit\2026-08-04_mainui_onhook_boost_sweep\runtime\hud_onhook_boost_mid.png
UnityEngine.Debug:ExtractStackTraceNoAlloc (byte*,int,string)
UnityEngine.StackTraceUtility:ExtractStackTrace ()
UnityEngine.DebugLogHandler:Internal_Log (UnityEngine.LogType,UnityEngine.LogOption,string,UnityEngine.Object)
UnityEngine.DebugLogHandler:LogFormat (UnityEngine.LogType,UnityEngine.Object,string,object[])
UnityEngine.Logger:Log (UnityEngine.LogType,object)
UnityEngine.Debug:Log (object)
Shenxiao.EditorTools.MainUIOnHookBoostCase/<Run>d__7:MoveNext () (at Assets/Editor/CliVerify/Cases/MainUIOnHookBoostCase.cs:168)
System.Runtime.CompilerServices.AsyncMethodBuilderCore/MoveNextRunner:InvokeMoveNext (object)
System.Threading.ExecutionContext:RunInternal (System.Threading.ExecutionContext,System.Threading.ContextCallback,object,bool)
System.Threading.ExecutionContext:Run (System.Threading.ExecutionContext,System.Threading.ContextCallback,object,bool)
System.Runtime.CompilerServices.AsyncMethodBuilderCore/MoveNextRunner:Run ()
System.Threading.Tasks.SynchronizationContextAwaitTaskContinuation/<>c:<.cctor>b__7_0 (object)
UnityEngine.UnitySynchronizationContext/WorkRequest:Invoke ()
UnityEngine.UnitySynchronizationContext:Exec ()
UnityEngine.UnitySynchronizationContext:ExecuteTasks ()

(Filename: Assets/Editor/CliVerify/Cases/MainUIOnHookBoostCase.cs Line: 168)

CLIVERIFY mainui-onhook-boost actual-rt-frames-and-motion ok=True
UnityEngine.Debug:ExtractStackTraceNoAlloc (byte*,int,string)
UnityEngine.StackTraceUtility:ExtractStackTrace ()
UnityEngine.DebugLogHandler:Internal_Log (UnityEngine.LogType,UnityEngine.LogOption,string,UnityEngine.Object)
UnityEngine.DebugLogHandler:LogFormat (UnityEngine.LogType,UnityEngine.Object,string,object[])
UnityEngine.Logger:Log (UnityEngine.LogType,object)
UnityEngine.Debug:Log (object)
Shenxiao.EditorTools.MainUIOnHookBoostCase:Check (string,bool,bool&) (at Assets/Editor/CliVerify/Cases/MainUIOnHookBoostCase.cs:363)
Shenxiao.EditorTools.MainUIOnHookBoostCase/<Run>d__7:MoveNext () (at Assets/Editor/CliVerify/Cases/MainUIOnHookBoostCase.cs:173)
System.Runtime.CompilerServices.AsyncMethodBuilderCore/MoveNextRunner:InvokeMoveNext (object)
System.Threading.ExecutionContext:RunInternal (System.Threading.ExecutionContext,System.Threading.ContextCallback,object,bool)
System.Threading.ExecutionContext:Run (System.Threading.ExecutionContext,System.Threading.ContextCallback,object,bool)
System.Runtime.CompilerServices.AsyncMethodBuilderCore/MoveNextRunner:Run ()
System.Threading.Tasks.SynchronizationContextAwaitTaskContinuation/<>c:<.cctor>b__7_0 (object)
UnityEngine.UnitySynchronizationContext/WorkRequest:Invoke ()
UnityEngine.UnitySynchronizationContext:Exec ()
UnityEngine.UnitySynchronizationContext:ExecuteTasks ()

(Filename: Assets/Editor/CliVerify/Cases/MainUIOnHookBoostCase.cs Line: 363)

CLIVERIFY mainui-onhook-boost hide-release ok=True
UnityEngine.Debug:ExtractStackTraceNoAlloc (byte*,int,string)
UnityEngine.StackTraceUtility:ExtractStackTrace ()
UnityEngine.DebugLogHandler:Internal_Log (UnityEngine.LogType,UnityEngine.LogOption,string,UnityEngine.Object)
UnityEngine.DebugLogHandler:LogFormat (UnityEngine.LogType,UnityEngine.Object,string,object[])
UnityEngine.Logger:Log (UnityEngine.LogType,object)
UnityEngine.Debug:Log (object)
Shenxiao.EditorTools.MainUIOnHookBoostCase:Check (string,bool,bool&) (at Assets/Editor/CliVerify/Cases/MainUIOnHookBoostCase.cs:363)
Shenxiao.EditorTools.MainUIOnHookBoostCase/<Run>d__7:MoveNext () (at Assets/Editor/CliVerify/Cases/MainUIOnHookBoostCase.cs:178)
System.Runtime.CompilerServices.AsyncMethodBuilderCore/MoveNextRunner:InvokeMoveNext (object)
System.Threading.ExecutionContext:RunInternal (System.Threading.ExecutionContext,System.Threading.ContextCallback,object,bool)
System.Threading.ExecutionContext:Run (System.Threading.ExecutionContext,System.Threading.ContextCallback,object,bool)
System.Runtime.CompilerServices.AsyncMethodBuilderCore/MoveNextRunner:Run ()
System.Threading.Tasks.SynchronizationContextAwaitTaskContinuation/<>c:<.cctor>b__7_0 (object)
UnityEngine.UnitySynchronizationContext/WorkRequest:Invoke ()
UnityEngine.UnitySynchronizationContext:Exec ()
UnityEngine.UnitySynchronizationContext:ExecuteTasks ()

(Filename: Assets/Editor/CliVerify/Cases/MainUIOnHookBoostCase.cs Line: 363)

CLIVERIFY mainui-onhook-boost close-reopen-and-release ok=True
UnityEngine.Debug:ExtractStackTraceNoAlloc (byte*,int,string)
UnityEngine.StackTraceUtility:ExtractStackTrace ()
UnityEngine.DebugLogHandler:Internal_Log (UnityEngine.LogType,UnityEngine.LogOption,string,UnityEngine.Object)
UnityEngine.DebugLogHandler:LogFormat (UnityEngine.LogType,UnityEngine.Object,string,object[])
UnityEngine.Logger:Log (UnityEngine.LogType,object)
UnityEngine.Debug:Log (object)
Shenxiao.EditorTools.MainUIOnHookBoostCase:Check (string,bool,bool&) (at Assets/Editor/CliVerify/Cases/MainUIOnHookBoostCase.cs:363)
Shenxiao.EditorTools.MainUIOnHookBoostCase/<Run>d__7:MoveNext () (at Assets/Editor/CliVerify/Cases/MainUIOnHookBoostCase.cs:188)
System.Runtime.CompilerServices.AsyncMethodBuilderCore/MoveNextRunner:InvokeMoveNext (object)
System.Threading.ExecutionContext:RunInternal (System.Threading.ExecutionContext,System.Threading.ContextCallback,object,bool)
System.Threading.ExecutionContext:Run (System.Threading.ExecutionContext,System.Threading.ContextCallback,object,bool)
System.Runtime.CompilerServices.AsyncMethodBuilderCore/MoveNextRunner:Run ()
System.Threading.Tasks.SynchronizationContextAwaitTaskContinuation/<>c:<.cctor>b__7_0 (object)
UnityEngine.UnitySynchronizationContext/WorkRequest:Invoke ()
UnityEngine.UnitySynchronizationContext:Exec ()
UnityEngine.UnitySynchronizationContext:ExecuteTasks ()

(Filename: Assets/Editor/CliVerify/Cases/MainUIOnHookBoostCase.cs Line: 363)

CLIVERIFY mainui-onhook-boost VERDICT pass=True
UnityEngine.Debug:ExtractStackTraceNoAlloc (byte*,int,string)
UnityEngine.StackTraceUtility:ExtractStackTrace ()
UnityEngine.DebugLogHandler:Internal_Log (UnityEngine.LogType,UnityEngine.LogOption,string,UnityEngine.Object)
UnityEngine.DebugLogHandler:LogFormat (UnityEngine.LogType,UnityEngine.Object,string,object[])
UnityEngine.Logger:Log (UnityEngine.LogType,object)
UnityEngine.Debug:Log (object)
Shenxiao.EditorTools.MainUIOnHookBoostCase/<Run>d__7:MoveNext () (at Assets/Editor/CliVerify/Cases/MainUIOnHookBoostCase.cs:191)
System.Runtime.CompilerServices.AsyncMethodBuilderCore/MoveNextRunner:InvokeMoveNext (object)
System.Threading.ExecutionContext:RunInternal (System.Threading.ExecutionContext,System.Threading.ContextCallback,object,bool)
System.Threading.ExecutionContext:Run (System.Threading.ExecutionContext,System.Threading.ContextCallback,object,bool)
System.Runtime.CompilerServices.AsyncMethodBuilderCore/MoveNextRunner:Run ()
System.Threading.Tasks.SynchronizationContextAwaitTaskContinuation/<>c:<.cctor>b__7_0 (object)
UnityEngine.UnitySynchronizationContext/WorkRequest:Invoke ()
UnityEngine.UnitySynchronizationContext:Exec ()
UnityEngine.UnitySynchronizationContext:ExecuteTasks ()

(Filename: Assets/Editor/CliVerify/Cases/MainUIOnHookBoostCase.cs Line: 191)

[UnityConnectServicesConfig] config is NOT valid, switching to default
Created GICache directory at C:/Users/FXL/AppData/LocalLow/Unity/Caches/GiCache. Took: 0.015s, timestamps: [18.743 - 18.759]
[Licensing::Client] Successfully resolved entitlement details
CLIVERIFY EXIT 0
UnityEngine.Debug:ExtractStackTraceNoAlloc (byte*,int,string)
UnityEngine.StackTraceUtility:ExtractStackTrace ()
UnityEngine.DebugLogHandler:Internal_Log (UnityEngine.LogType,UnityEngine.LogOption,string,UnityEngine.Object)
UnityEngine.DebugLogHandler:LogFormat (UnityEngine.LogType,UnityEngine.Object,string,object[])
UnityEngine.Logger:Log (UnityEngine.LogType,object)
UnityEngine.Debug:Log (object)
Shenxiao.EditorTools.CliVerify/<>c__DisplayClass193_0:<Run>b__0 () (at Assets/Editor/CliVerify/CliVerify.cs:1631)
UnityEditor.EditorApplication:Internal_CallUpdateFunctions ()

(Filename: Assets/Editor/CliVerify/CliVerify.cs Line: 1631)

Pipeline Server stopped
Clearing [FZYHJW SDF] dynamic font asset data.
UnityEngine.Debug:ExtractStackTraceNoAlloc (byte*,int,string)
UnityEngine.StackTraceUtility:ExtractStackTrace ()
UnityEngine.DebugLogHandler:Internal_Log (UnityEngine.LogType,UnityEngine.LogOption,string,UnityEngine.Object)
UnityEngine.DebugLogHandler:LogFormat (UnityEngine.LogType,UnityEngine.Object,string,object[])
UnityEngine.Logger:Log (UnityEngine.LogType,object)
UnityEngine.Debug:Log (object)
TMPro.EditorEventCallbacks/<>c:<InitializeFontAssetResourceChangeCallBacks>b__0_0 () (at ./Library/PackageCache/com.unity.ugui@05e8dec4ac02/Editor/TMP/TMP_EditorResourceManager.cs:36)
UnityEditor.EditorApplication:Internal_EditorApplicationQuit ()
Shenxiao.EditorTools.CliVerify/<>c__DisplayClass193_0:<Run>b__0 () (at Assets/Editor/CliVerify/CliVerify.cs:1632)
UnityEditor.EditorApplication:Internal_CallUpdateFunctions ()

(Filename: ./Library/PackageCache/com.unity.ugui@05e8dec4ac02/Editor/TMP/TMP_EditorResourceManager.cs Line: 36)

Killing ADB server in 2.0916336 seconds.
Start importing Assets/_App/Fonts/FZYHJW SDF.asset using Guid(b1564091d91122b44af8c23be2da2334) (NativeFormatImporter) -> (artifact id: 'ebfcdfc442be7df3a60444ad1b28ac43') in 0.0384381 seconds
Refreshing native plugins compatible for Editor in 2.70 ms, found 4 plugins.
Preloading 0 native plugins for Editor in 0.00 ms.
Asset Pipeline Refresh (id=11a7caab7d108164bb2edb4505b3131c): Total: 0.571 seconds - Initiated by StopAssetImportingV2(NoUpdateAssetOptions)
	Summary:
		Imports: total=1 (actual=1, local cache=0, cache server=0)
		Asset DB Process Time: managed=2 ms, native=550 ms
		Asset DB Callback time: managed=4 ms, native=13 ms
		Scripting: domain reloads=0, domain reload time=0 ms, compile time=0 ms, other=0 ms
		Project Asset Count: scripts=6342, non-scripts=66780
		Asset File Changes: new=0, changed=0, moved=0, deleted=0
		Scan Filter Count: 4
	InvokeCustomDependenciesCallbacks: 0.000ms
	InvokePackagesCallback: 0.001ms
	ApplyChangesToAssetFolders: 0.102ms
	Scan: 26.666ms
	OnSourceAssetsModified: 0.001ms
	CategorizeAssetsWithTransientArtifact: 0.020ms
	ProcessAssetsWithTransientArtifactChanges: 0.230ms
	CategorizeAssets: 357.180ms
	ImportOutOfDateAssets: 117.415ms (3.025ms without children)
		ImportManagerImport: 101.975ms (63.124ms without children)
			ImportInProcess: 38.827ms
			UpdateCategorizedAssets: 0.024ms
		ReloadNativeAssets: 0.327ms
		UnloadImportedAssets: 0.207ms
		EnsureUptoDateAssetsAreRegisteredWithGuidPM: 9.485ms
		InitializingProgressBar: 0.005ms
		PostProcessAllAssetNotificationsAddChangedAssets: 0.001ms
		OnDemandSchedulerStart: 2.390ms
	PostProcessAllAssets: 8.424ms
	Hotreload: 9.770ms
	GatherAllCurrentPrimaryArtifactRevisions: 3.033ms
	UnloadStreamsBegin: 1.309ms
	PersistCurrentRevisions: 2.644ms
	UnloadStreamsEnd: 0.042ms
	Untracked: 44.437ms

[Physics::Module] Cleanup current backend.
[Physics::Module] Id: 0xf2b8ea05
Input System module state changed to: ShutdownInProgress.
Input System polling thread exited.
Input System module state changed to: Shutdown.
[Licensing::IpcConnector] LicenseClient-FXL-6000.3.17-notifications channel disconnected successfully.
[Licensing::IpcConnector] LicenseClient-FXL-6000.3.17 channel disconnected successfully.
AcceleratorClientConnectionCallback - disconnected - :0
Cleanup mono
Checking for leaked weakptr:
  Found no leaked weakptrs.
[Package Manager] Server process was shutdown
##utp:{"type":"MemoryLeaks","version":2,"phase":"Immediate","time":1785838986533,"processId":66900,"allocatedMemory":88451064,"memoryLabels":[{"Default":29313},{"Permanent":15236},{"NewDelete":68811},{"Thread":4237960},{"Manager":822109},{"VertexData":8},{"Geometry":816},{"Texture":296},{"Shader":80533},{"Material":24},{"GfxDevice":58152},{"Animation":392},{"Audio":3040},{"FreeType":8},{"FontEngine":736},{"Physics":2090},{"Physics2D":16},{"Serialization":528},{"Input":14984},{"JobScheduler":33024},{"TextLib":216},{"Mono":32},{"MonoCode":64},{"ScriptingNativeRuntime":155060},{"BaseObject":1620336},{"Resource":1336},{"Renderer":3000},{"Transform":4685},{"File":1016},{"WebCam":616},{"Culling":32},{"Terrain":11394},{"Wind":24},{"STL":40},{"String":28558},{"DynamicArray":307215},{"HashMap":3869985},{"Utility":2661366},{"Curl":3930},{"PoolAlloc":2248},{"AI":80},{"TypeTree":16157},{"ScriptManager":512},{"RuntimeInitializeOnLoadManager":64},{"SpriteAtlas":112},{"GI":7792},{"Director":8240},{"CloudService":9792},{"WebRequest":4760},{"VR":47994},{"SceneManager":504},{"Video":208},{"LazyScriptCache":32},{"Camera":17},{"Secure":2377},{"SerializationCache":1576},{"APIUpdating":10320},{"Subsystems":336},{"VirtualTexturing":57888},{"StaticSafetyDebugInfo":278528},{"Analytics":384},{"Hierarchy":608},{"CoreStats":13112},{"Identifiers":12960},{"Gui":96},{"EditorUtility":160222},{"VersionControl":4},{"Undo":947},{"AssetDatabase":73731183},{"EditorGi":328},{"UnityConnect":29232},{"Upm":1896},{"AssetCompliance":64},{"DrivenProperties":72},{"LocalIPC":209},{"ProfilerEditor":9746},{"CoreBusinessMetrics":2859},{"Licensing":664},{"AssetReference":32},{"IPCStream":32}]}
